// Vitest Snapshot v1, https://vitest.dev/guide/snapshot.html

exports[`Snapshots > should match snapshot 1`] = `
<button
  class="inline-flex items-center justify-center rounded-lg font-semibold transition-all duration-300 focus:outline-none disabled:opacity-60 disabled:cursor-not-allowed cursor-pointer transform hover:scale-105 hover:shadow-lg btn-primary hover:bg-primary/90 hover:shadow-primary/30 px-5 py-2 text-sm"
>
  <span
    class="flex items-center gap-2"
  >
    <span>
      Test Button
    </span>
  </span>
</button>
`;